// Jest Snapshot v1, https://goo.gl/fbAQLP

exports[`context-specific-log-levels-test allows overriding the default log level for individual contexts 1`] = `
Map {
  "NONE" => Array [],
  "DEBUG" => Array [
    Array [
      "[1] [95mDEBUG very-important This should show up[39m",
      "DEBUG",
      "very-important",
    ],
  ],
  "INFO" => Array [],
  "WARN" => Array [],
  "ERROR" => Array [],
}
`;
