// Jest Snapshot v1, https://goo.gl/fbAQLP

exports[`default-log-levels-test logs things 1`] = `
Map {
  "NONE" => Array [],
  "DEBUG" => Array [
    Array [
      "[1] [95mDEBUG test-context dbg[39m",
      "DEBUG",
      "test-context",
    ],
  ],
  "INFO" => Array [
    Array [
      "[2] INFO test-context inf",
      "INFO",
      "test-context",
    ],
  ],
  "WARN" => Array [
    Array [
      "[3] [93mWARN test-context wrn[39m",
      "WARN",
      "test-context",
    ],
  ],
  "ERROR" => Array [
    Array [
      "[4] [97m[101mERROR test-context err[49m[39m",
      "ERROR",
      "test-context",
    ],
  ],
}
`;
