// Jest Snapshot v1, https://goo.gl/fbAQLP

exports[`default-log-levels-test specified case and lowercase calls work 1`] = `
Map {
  "NONE" => Array [],
  "DEBUG" => Array [],
  "INFO" => Array [],
  "WARN" => Array [],
  "ERROR" => Array [
    Array [
      "[1] [97m[101mERROR ctx error1[49m[39m",
      "ERROR",
      "ctx",
    ],
    Array [
      "[2] [101m[97mERROR ctx error2[39m[49m",
      "ERROR",
      "ctx",
    ],
  ],
}
`;
