// Jest Snapshot v1, https://goo.gl/fbAQLP

exports[`default-log-levels-test specified case and lowercase calls work 1`] = `
Map {
  "NONE" => Array [],
  "DEBUG" => Array [],
  "INFO" => Array [],
  "WARN" => Array [],
  "ERROR" => Array [
    Array [
      "0 ERROR ctx[97m[101m",
      "error1",
      "[49m[39m",
    ],
    Array [
      "1 ERROR ctx[101m[97m",
      "error2",
      "[39m[49m",
    ],
  ],
}
`;
