// Jest Snapshot v1, https://goo.gl/fbAQLP

exports[`default-log-level-test allows overriding default log level 1`] = `
Map {
  "NONE" => Array [],
  "DEBUG" => Array [],
  "INFO" => Array [],
  "WARN" => Array [],
  "ERROR" => Array [
    Array [
      "0 ERROR test-context[97m[101m",
      "Should have colors",
      "[49m[39m",
    ],
    Array [
      "1 ERROR test-context",
      "Should not have colors",
    ],
  ],
}
`;
